=== RUN   TestAuthSlots
=== RUN   TestAuthSlots/auth.login_success
[AUTH DEBUG] Query: SELECT "id", "username", "username", "password" FROM "users" WHERE "username" = ? LIMIT 1
[AUTH DEBUG] Username: testuser, Table: users, DB: default
[AUTH DEBUG] User found: ID=1, Username=testuser, Email=testuser
[AUTH DEBUG] Password verified successfully
=== RUN   TestAuthSlots/auth.login_fail
[AUTH DEBUG] Query: SELECT "id", "username", "email", "password" FROM "users" WHERE "email" = ? LIMIT 1
[AUTH DEBUG] Username: testuser, Table: users, DB: default
[AUTH DEBUG] DB Query Error: sql: no rows in result set
=== RUN   TestAuthSlots/jwt.sign_and_verify
=== RUN   TestAuthSlots/auth.user_from_session
--- PASS: TestAuthSlots (0.12s)
    --- PASS: TestAuthSlots/auth.login_success (0.06s)
    --- PASS: TestAuthSlots/auth.login_fail (0.00s)
    --- PASS: TestAuthSlots/jwt.sign_and_verify (0.00s)
    --- PASS: TestAuthSlots/auth.user_from_session (0.00s)
=== RUN   TestBladeExtends
--- PASS: TestBladeExtends (0.00s)
=== RUN   TestNativeAdvancedLoops
=== RUN   TestNativeAdvancedLoops/Forelse
=== RUN   TestNativeAdvancedLoops/ForeachAdvanced
--- PASS: TestNativeAdvancedLoops (0.00s)
    --- PASS: TestNativeAdvancedLoops/Forelse (0.00s)
    --- PASS: TestNativeAdvancedLoops/ForeachAdvanced (0.00s)
=== RUN   TestNativeAuthJson
--- PASS: TestNativeAuthJson (0.00s)
=== RUN   TestNativeCanDirective
    blade_native_can_test.go:82: Output:
        <a href="/edit">Edit Post</a>
        
        
        
          <span>You cannot delete this</span>
        
        
        
          <a href="/create">Create New</a>
        
        
        
          <p>Not an admin</p>
--- PASS: TestNativeCanDirective (0.00s)
=== RUN   TestNativeBladeComponents
--- PASS: TestNativeBladeComponents (0.00s)
=== RUN   TestNativeConditionals
--- PASS: TestNativeConditionals (0.00s)
=== RUN   TestNativeErrorDirective
--- PASS: TestNativeErrorDirective (0.00s)
=== RUN   TestNativeBladeExtends
--- PASS: TestNativeBladeExtends (0.00s)
=== RUN   TestNativeBladeFeatures
    blade_native_features_test.go:116: Output:
        START
        <input name='_token' value='123'>
        
          SHOW
        
          HIDE
        
        2024-01-01 Formatted
        END
--- PASS: TestNativeBladeFeatures (0.00s)
=== RUN   TestNativeForLoop
--- PASS: TestNativeForLoop (0.00s)
=== RUN   TestNativeInclude
--- PASS: TestNativeInclude (0.00s)
=== RUN   TestBladeLaravelFeatures
=== RUN   TestBladeLaravelFeatures/Method_Put
    blade_native_laravel_features_test.go:68: Parsed Node for Method Put: &{Name:do Value:<nil> Children:[0x325f62cdb8f0 0x325f62cdb960 0x325f62cdb9d0 0x325f62cdba40 0x325f62cdbab0] Parent:<nil> Line:0 Col:0 Filename: cachedHandler:<nil> cachedMeta:<nil>}
    blade_native_laravel_features_test.go:70: Child 0: &{Name:__native_write Value:< Children:[] Parent:<nil> Line:0 Col:0 Filename: cachedHandler:<nil> cachedMeta:<nil>}
    blade_native_laravel_features_test.go:70: Child 1: &{Name:__native_write Value:html> Children:[] Parent:<nil> Line:0 Col:0 Filename: cachedHandler:<nil> cachedMeta:<nil>}
    blade_native_laravel_features_test.go:70: Child 2: &{Name:__native_write Value:<input type="hidden" name="_method" value="PUT"> Children:[] Parent:<nil> Line:0 Col:0 Filename: cachedHandler:<nil> cachedMeta:<nil>}
    blade_native_laravel_features_test.go:70: Child 3: &{Name:__native_write Value:< Children:[] Parent:<nil> Line:0 Col:0 Filename: cachedHandler:<nil> cachedMeta:<nil>}
    blade_native_laravel_features_test.go:70: Child 4: &{Name:__native_write Value:/html> Children:[] Parent:<nil> Line:0 Col:0 Filename: cachedHandler:<nil> cachedMeta:<nil>}
=== RUN   TestBladeLaravelFeatures/Method_Delete
    blade_native_laravel_features_test.go:68: Parsed Node for Method Delete: &{Name:do Value:<nil> Children:[0x325f62cdbe30 0x325f62ce0000 0x325f62ce0070 0x325f62ce00e0 0x325f62ce0150] Parent:<nil> Line:0 Col:0 Filename: cachedHandler:<nil> cachedMeta:<nil>}
    blade_native_laravel_features_test.go:70: Child 0: &{Name:__native_write Value:< Children:[] Parent:<nil> Line:0 Col:0 Filename: cachedHandler:<nil> cachedMeta:<nil>}
    blade_native_laravel_features_test.go:70: Child 1: &{Name:__native_write Value:html> Children:[] Parent:<nil> Line:0 Col:0 Filename: cachedHandler:<nil> cachedMeta:<nil>}
    blade_native_laravel_features_test.go:70: Child 2: &{Name:__native_write Value:<input type="hidden" name="_method" value="DELETE"> Children:[] Parent:<nil> Line:0 Col:0 Filename: cachedHandler:<nil> cachedMeta:<nil>}
    blade_native_laravel_features_test.go:70: Child 3: &{Name:__native_write Value:< Children:[] Parent:<nil> Line:0 Col:0 Filename: cachedHandler:<nil> cachedMeta:<nil>}
    blade_native_laravel_features_test.go:70: Child 4: &{Name:__native_write Value:/html> Children:[] Parent:<nil> Line:0 Col:0 Filename: cachedHandler:<nil> cachedMeta:<nil>}
=== RUN   TestBladeLaravelFeatures/Class_array_mapping
    blade_native_laravel_features_test.go:68: Parsed Node for Class array mapping: &{Name:do Value:<nil> Children:[0x325f62ce04d0 0x325f62ce0540 0x325f62ce05b0 0x325f62ce0620 0x325f62ce0850 0x325f62ce08c0 0x325f62ce0930 0x325f62ce09a0 0x325f62ce0a10 0x325f62ce0a80] Parent:<nil> Line:0 Col:0 Filename: cachedHandler:<nil> cachedMeta:<nil>}
    blade_native_laravel_features_test.go:70: Child 0: &{Name:__native_write Value:< Children:[] Parent:<nil> Line:0 Col:0 Filename: cachedHandler:<nil> cachedMeta:<nil>}
    blade_native_laravel_features_test.go:70: Child 1: &{Name:__native_write Value:html> Children:[] Parent:<nil> Line:0 Col:0 Filename: cachedHandler:<nil> cachedMeta:<nil>}
    blade_native_laravel_features_test.go:70: Child 2: &{Name:__native_write Value:< Children:[] Parent:<nil> Line:0 Col:0 Filename: cachedHandler:<nil> cachedMeta:<nil>}
    blade_native_laravel_features_test.go:70: Child 3: &{Name:__native_write Value:div  Children:[] Parent:<nil> Line:0 Col:0 Filename: cachedHandler:<nil> cachedMeta:<nil>}
    blade_native_laravel_features_test.go:70: Child 4: &{Name:view.class Value:<nil> Children:[0x325f62ce0690] Parent:<nil> Line:0 Col:0 Filename: cachedHandler:<nil> cachedMeta:<nil>}
    blade_native_laravel_features_test.go:70: Child 5: &{Name:__native_write Value:> Children:[] Parent:<nil> Line:0 Col:0 Filename: cachedHandler:<nil> cachedMeta:<nil>}
    blade_native_laravel_features_test.go:70: Child 6: &{Name:__native_write Value:< Children:[] Parent:<nil> Line:0 Col:0 Filename: cachedHandler:<nil> cachedMeta:<nil>}
    blade_native_laravel_features_test.go:70: Child 7: &{Name:__native_write Value:/div> Children:[] Parent:<nil> Line:0 Col:0 Filename: cachedHandler:<nil> cachedMeta:<nil>}
    blade_native_laravel_features_test.go:70: Child 8: &{Name:__native_write Value:< Children:[] Parent:<nil> Line:0 Col:0 Filename: cachedHandler:<nil> cachedMeta:<nil>}
    blade_native_laravel_features_test.go:70: Child 9: &{Name:__native_write Value:/html> Children:[] Parent:<nil> Line:0 Col:0 Filename: cachedHandler:<nil> cachedMeta:<nil>}
=== RUN   TestBladeLaravelFeatures/Class_simple_false_mapping
    blade_native_laravel_features_test.go:68: Parsed Node for Class simple false mapping: &{Name:do Value:<nil> Children:[0x325f62ce1030 0x325f62ce10a0 0x325f62ce1110 0x325f62ce1180 0x325f62ce1340 0x325f62ce13b0 0x325f62ce1420 0x325f62ce1490 0x325f62ce1500 0x325f62ce1570] Parent:<nil> Line:0 Col:0 Filename: cachedHandler:<nil> cachedMeta:<nil>}
    blade_native_laravel_features_test.go:70: Child 0: &{Name:__native_write Value:< Children:[] Parent:<nil> Line:0 Col:0 Filename: cachedHandler:<nil> cachedMeta:<nil>}
    blade_native_laravel_features_test.go:70: Child 1: &{Name:__native_write Value:html> Children:[] Parent:<nil> Line:0 Col:0 Filename: cachedHandler:<nil> cachedMeta:<nil>}
    blade_native_laravel_features_test.go:70: Child 2: &{Name:__native_write Value:< Children:[] Parent:<nil> Line:0 Col:0 Filename: cachedHandler:<nil> cachedMeta:<nil>}
    blade_native_laravel_features_test.go:70: Child 3: &{Name:__native_write Value:div  Children:[] Parent:<nil> Line:0 Col:0 Filename: cachedHandler:<nil> cachedMeta:<nil>}
    blade_native_laravel_features_test.go:70: Child 4: &{Name:view.class Value:<nil> Children:[0x325f62ce11f0] Parent:<nil> Line:0 Col:0 Filename: cachedHandler:<nil> cachedMeta:<nil>}
    blade_native_laravel_features_test.go:70: Child 5: &{Name:__native_write Value:> Children:[] Parent:<nil> Line:0 Col:0 Filename: cachedHandler:<nil> cachedMeta:<nil>}
    blade_native_laravel_features_test.go:70: Child 6: &{Name:__native_write Value:< Children:[] Parent:<nil> Line:0 Col:0 Filename: cachedHandler:<nil> cachedMeta:<nil>}
    blade_native_laravel_features_test.go:70: Child 7: &{Name:__native_write Value:/div> Children:[] Parent:<nil> Line:0 Col:0 Filename: cachedHandler:<nil> cachedMeta:<nil>}
    blade_native_laravel_features_test.go:70: Child 8: &{Name:__native_write Value:< Children:[] Parent:<nil> Line:0 Col:0 Filename: cachedHandler:<nil> cachedMeta:<nil>}
    blade_native_laravel_features_test.go:70: Child 9: &{Name:__native_write Value:/html> Children:[] Parent:<nil> Line:0 Col:0 Filename: cachedHandler:<nil> cachedMeta:<nil>}
=== RUN   TestBladeLaravelFeatures/PHP_block_execution
    blade_native_laravel_features_test.go:68: Parsed Node for PHP block execution: &{Name:do Value:<nil> Children:[0x325f62ce1b20 0x325f62ce1b90 0x325f62ce1d50 0x325f62ce1e30 0x325f62cea070 0x325f62cea0e0] Parent:<nil> Line:0 Col:0 Filename: cachedHandler:<nil> cachedMeta:<nil>}
    blade_native_laravel_features_test.go:70: Child 0: &{Name:__native_write Value:< Children:[] Parent:<nil> Line:0 Col:0 Filename: cachedHandler:<nil> cachedMeta:<nil>}
    blade_native_laravel_features_test.go:70: Child 1: &{Name:__native_write Value:html> Children:[] Parent:<nil> Line:0 Col:0 Filename: cachedHandler:<nil> cachedMeta:<nil>}
    blade_native_laravel_features_test.go:70: Child 2: &{Name:var Value:$msg Children:[0x325f62ce1dc0] Parent:0x325f62ce1c00 Line:2 Col:1 Filename:blade_php_block cachedHandler:<nil> cachedMeta:<nil>}
    blade_native_laravel_features_test.go:70: Child 3: &{Name:__native_write_safe Value:$msg Children:[] Parent:<nil> Line:0 Col:0 Filename: cachedHandler:<nil> cachedMeta:<nil>}
    blade_native_laravel_features_test.go:70: Child 4: &{Name:__native_write Value:< Children:[] Parent:<nil> Line:0 Col:0 Filename: cachedHandler:<nil> cachedMeta:<nil>}
    blade_native_laravel_features_test.go:70: Child 5: &{Name:__native_write Value:/html> Children:[] Parent:<nil> Line:0 Col:0 Filename: cachedHandler:<nil> cachedMeta:<nil>}
=== RUN   TestBladeLaravelFeatures/Zeno_block_execution
    blade_native_laravel_features_test.go:68: Parsed Node for Zeno block execution: &{Name:do Value:<nil> Children:[0x325f62cea620 0x325f62cea690 0x325f62cea770 0x325f62cea850 0x325f62cea8c0 0x325f62cea930] Parent:<nil> Line:0 Col:0 Filename: cachedHandler:<nil> cachedMeta:<nil>}
    blade_native_laravel_features_test.go:70: Child 0: &{Name:__native_write Value:< Children:[] Parent:<nil> Line:0 Col:0 Filename: cachedHandler:<nil> cachedMeta:<nil>}
    blade_native_laravel_features_test.go:70: Child 1: &{Name:__native_write Value:html> Children:[] Parent:<nil> Line:0 Col:0 Filename: cachedHandler:<nil> cachedMeta:<nil>}
    blade_native_laravel_features_test.go:70: Child 2: &{Name:var Value:$msg Children:[0x325f62cea7e0] Parent:0x325f62cea700 Line:2 Col:1 Filename:blade_zeno_block cachedHandler:<nil> cachedMeta:<nil>}
    blade_native_laravel_features_test.go:70: Child 3: &{Name:__native_write_safe Value:$msg Children:[] Parent:<nil> Line:0 Col:0 Filename: cachedHandler:<nil> cachedMeta:<nil>}
    blade_native_laravel_features_test.go:70: Child 4: &{Name:__native_write Value:< Children:[] Parent:<nil> Line:0 Col:0 Filename: cachedHandler:<nil> cachedMeta:<nil>}
    blade_native_laravel_features_test.go:70: Child 5: &{Name:__native_write Value:/html> Children:[] Parent:<nil> Line:0 Col:0 Filename: cachedHandler:<nil> cachedMeta:<nil>}
--- PASS: TestBladeLaravelFeatures (0.00s)
    --- PASS: TestBladeLaravelFeatures/Method_Put (0.00s)
    --- PASS: TestBladeLaravelFeatures/Method_Delete (0.00s)
    --- PASS: TestBladeLaravelFeatures/Class_array_mapping (0.00s)
    --- PASS: TestBladeLaravelFeatures/Class_simple_false_mapping (0.00s)
    --- PASS: TestBladeLaravelFeatures/PHP_block_execution (0.00s)
    --- PASS: TestBladeLaravelFeatures/Zeno_block_execution (0.00s)
=== RUN   TestNativeLDX
--- PASS: TestNativeLDX (0.00s)
=== RUN   TestNativeLoopVariable
--- PASS: TestNativeLoopVariable (0.00s)
=== RUN   TestNativePushStack
--- PASS: TestNativePushStack (0.00s)
=== RUN   TestNativeSwitch
=== RUN   TestNativeSwitch/admin
=== RUN   TestNativeSwitch/editor
=== RUN   TestNativeSwitch/guest
--- PASS: TestNativeSwitch (0.00s)
    --- PASS: TestNativeSwitch/admin (0.00s)
    --- PASS: TestNativeSwitch/editor (0.00s)
    --- PASS: TestNativeSwitch/guest (0.00s)
=== RUN   TestNativeRenderer
--- PASS: TestNativeRenderer (0.00s)
=== RUN   TestBladeNativeUnclosedDirectives
=== RUN   TestBladeNativeUnclosedDirectives/Unclosed_@section
=== RUN   TestBladeNativeUnclosedDirectives/Unclosed_@if
=== RUN   TestBladeNativeUnclosedDirectives/Unclosed_@foreach
=== RUN   TestBladeNativeUnclosedDirectives/Unclosed_@switch
=== RUN   TestBladeNativeUnclosedDirectives/Unclosed_@push
=== RUN   TestBladeNativeUnclosedDirectives/Unclosed_@isset
=== RUN   TestBladeNativeUnclosedDirectives/Unclosed_@empty
=== RUN   TestBladeNativeUnclosedDirectives/Unclosed_@unless
=== RUN   TestBladeNativeUnclosedDirectives/Unclosed_@auth
=== RUN   TestBladeNativeUnclosedDirectives/Unclosed_@guest
=== RUN   TestBladeNativeUnclosedDirectives/Unclosed_@for
=== RUN   TestBladeNativeUnclosedDirectives/Unclosed_@while
=== RUN   TestBladeNativeUnclosedDirectives/Unclosed_@forelse
=== RUN   TestBladeNativeUnclosedDirectives/Unclosed_component
=== RUN   TestBladeNativeUnclosedDirectives/Unclosed_slot
=== RUN   TestBladeNativeUnclosedDirectives/Unclosed_@error
=== RUN   TestBladeNativeUnclosedDirectives/Unclosed_@can
=== RUN   TestBladeNativeUnclosedDirectives/Unclosed_@cannot
=== RUN   TestBladeNativeUnclosedDirectives/Nested_Unclosed_@section
=== RUN   TestBladeNativeUnclosedDirectives/Nested_Unclosed_@if
=== RUN   TestBladeNativeUnclosedDirectives/Nested_Unclosed_@foreach
=== RUN   TestBladeNativeUnclosedDirectives/Nested_Unclosed_@switch
=== RUN   TestBladeNativeUnclosedDirectives/Nested_Unclosed_@push
=== RUN   TestBladeNativeUnclosedDirectives/Nested_Unclosed_@isset
=== RUN   TestBladeNativeUnclosedDirectives/Nested_Unclosed_@empty
=== RUN   TestBladeNativeUnclosedDirectives/Nested_Unclosed_@unless
=== RUN   TestBladeNativeUnclosedDirectives/Nested_Unclosed_@auth
=== RUN   TestBladeNativeUnclosedDirectives/Nested_Unclosed_@guest
=== RUN   TestBladeNativeUnclosedDirectives/Nested_Unclosed_@for
=== RUN   TestBladeNativeUnclosedDirectives/Nested_Unclosed_@while
=== RUN   TestBladeNativeUnclosedDirectives/Nested_Unclosed_@forelse
=== RUN   TestBladeNativeUnclosedDirectives/Nested_Unclosed_component
=== RUN   TestBladeNativeUnclosedDirectives/Nested_Unclosed_@error
=== RUN   TestBladeNativeUnclosedDirectives/Nested_Unclosed_@can
=== RUN   TestBladeNativeUnclosedDirectives/Nested_Unclosed_@cannot
--- PASS: TestBladeNativeUnclosedDirectives (0.00s)
    --- PASS: TestBladeNativeUnclosedDirectives/Unclosed_@section (0.00s)
    --- PASS: TestBladeNativeUnclosedDirectives/Unclosed_@if (0.00s)
    --- PASS: TestBladeNativeUnclosedDirectives/Unclosed_@foreach (0.00s)
    --- PASS: TestBladeNativeUnclosedDirectives/Unclosed_@switch (0.00s)
    --- PASS: TestBladeNativeUnclosedDirectives/Unclosed_@push (0.00s)
    --- PASS: TestBladeNativeUnclosedDirectives/Unclosed_@isset (0.00s)
    --- PASS: TestBladeNativeUnclosedDirectives/Unclosed_@empty (0.00s)
    --- PASS: TestBladeNativeUnclosedDirectives/Unclosed_@unless (0.00s)
    --- PASS: TestBladeNativeUnclosedDirectives/Unclosed_@auth (0.00s)
    --- PASS: TestBladeNativeUnclosedDirectives/Unclosed_@guest (0.00s)
    --- PASS: TestBladeNativeUnclosedDirectives/Unclosed_@for (0.00s)
    --- PASS: TestBladeNativeUnclosedDirectives/Unclosed_@while (0.00s)
    --- PASS: TestBladeNativeUnclosedDirectives/Unclosed_@forelse (0.00s)
    --- PASS: TestBladeNativeUnclosedDirectives/Unclosed_component (0.00s)
    --- PASS: TestBladeNativeUnclosedDirectives/Unclosed_slot (0.00s)
    --- PASS: TestBladeNativeUnclosedDirectives/Unclosed_@error (0.00s)
    --- PASS: TestBladeNativeUnclosedDirectives/Unclosed_@can (0.00s)
    --- PASS: TestBladeNativeUnclosedDirectives/Unclosed_@cannot (0.00s)
    --- PASS: TestBladeNativeUnclosedDirectives/Nested_Unclosed_@section (0.00s)
    --- PASS: TestBladeNativeUnclosedDirectives/Nested_Unclosed_@if (0.00s)
    --- PASS: TestBladeNativeUnclosedDirectives/Nested_Unclosed_@foreach (0.00s)
    --- PASS: TestBladeNativeUnclosedDirectives/Nested_Unclosed_@switch (0.00s)
    --- PASS: TestBladeNativeUnclosedDirectives/Nested_Unclosed_@push (0.00s)
    --- PASS: TestBladeNativeUnclosedDirectives/Nested_Unclosed_@isset (0.00s)
    --- PASS: TestBladeNativeUnclosedDirectives/Nested_Unclosed_@empty (0.00s)
    --- PASS: TestBladeNativeUnclosedDirectives/Nested_Unclosed_@unless (0.00s)
    --- PASS: TestBladeNativeUnclosedDirectives/Nested_Unclosed_@auth (0.00s)
    --- PASS: TestBladeNativeUnclosedDirectives/Nested_Unclosed_@guest (0.00s)
    --- PASS: TestBladeNativeUnclosedDirectives/Nested_Unclosed_@for (0.00s)
    --- PASS: TestBladeNativeUnclosedDirectives/Nested_Unclosed_@while (0.00s)
    --- PASS: TestBladeNativeUnclosedDirectives/Nested_Unclosed_@forelse (0.00s)
    --- PASS: TestBladeNativeUnclosedDirectives/Nested_Unclosed_component (0.00s)
    --- PASS: TestBladeNativeUnclosedDirectives/Nested_Unclosed_@error (0.00s)
    --- PASS: TestBladeNativeUnclosedDirectives/Nested_Unclosed_@can (0.00s)
    --- PASS: TestBladeNativeUnclosedDirectives/Nested_Unclosed_@cannot (0.00s)
=== RUN   TestEnsureBladeExt
=== RUN   TestEnsureBladeExt/view
=== RUN   TestEnsureBladeExt/view.blade.zl
=== RUN   TestEnsureBladeExt/dir/view
--- PASS: TestEnsureBladeExt (0.00s)
    --- PASS: TestEnsureBladeExt/view (0.00s)
    --- PASS: TestEnsureBladeExt/view.blade.zl (0.00s)
    --- PASS: TestEnsureBladeExt/dir/view (0.00s)
=== RUN   TestClearBladeCache
--- PASS: TestClearBladeCache (0.00s)
=== RUN   TestBladeXSSProtection
--- PASS: TestBladeXSSProtection (0.00s)
=== RUN   TestCacheSlots
=== RUN   TestCacheSlots/cache.put_is_no-op
=== RUN   TestCacheSlots/cache.get_returns_default
=== RUN   TestCacheSlots/cache.forget_is_no-op
--- PASS: TestCacheSlots (0.00s)
    --- PASS: TestCacheSlots/cache.put_is_no-op (0.00s)
    --- PASS: TestCacheSlots/cache.get_returns_default (0.00s)
    --- PASS: TestCacheSlots/cache.forget_is_no-op (0.00s)
=== RUN   TestCaptchaSlots
=== RUN   TestCaptchaSlots/captcha.new_-_default_length
=== RUN   TestCaptchaSlots/captcha.new_-_custom_length
=== RUN   TestCaptchaSlots/captcha.verify_-_jawaban_salah
=== RUN   TestCaptchaSlots/captcha.verify_-_id_kosong_harus_error
=== RUN   TestCaptchaSlots/captcha.image_-_tanpa_ResponseWriter_(simpan_ke_scope)
=== RUN   TestCaptchaSlots/captcha.image_-_id_kosong_harus_error
=== RUN   TestCaptchaSlots/captcha.serve_-_daftarkan_route
--- PASS: TestCaptchaSlots (0.00s)
    --- PASS: TestCaptchaSlots/captcha.new_-_default_length (0.00s)
    --- PASS: TestCaptchaSlots/captcha.new_-_custom_length (0.00s)
    --- PASS: TestCaptchaSlots/captcha.verify_-_jawaban_salah (0.00s)
    --- PASS: TestCaptchaSlots/captcha.verify_-_id_kosong_harus_error (0.00s)
    --- PASS: TestCaptchaSlots/captcha.image_-_tanpa_ResponseWriter_(simpan_ke_scope) (0.00s)
    --- PASS: TestCaptchaSlots/captcha.image_-_id_kosong_harus_error (0.00s)
    --- PASS: TestCaptchaSlots/captcha.serve_-_daftarkan_route (0.00s)
=== RUN   TestCollectionSlots
=== RUN   TestCollectionSlots/array.push
=== RUN   TestCollectionSlots/collections.get
=== RUN   TestCollectionSlots/map.set
=== RUN   TestCollectionSlots/len
--- PASS: TestCollectionSlots (0.00s)
    --- PASS: TestCollectionSlots/array.push (0.00s)
    --- PASS: TestCollectionSlots/collections.get (0.00s)
    --- PASS: TestCollectionSlots/map.set (0.00s)
    --- PASS: TestCollectionSlots/len (0.00s)
=== RUN   TestBuildQuery
=== RUN   TestBuildQuery/Standard_Bind
=== RUN   TestBuildQuery/Named_Keys_(Order_Preserved)
=== RUN   TestBuildQuery/Variable_Resolution
=== RUN   TestBuildQuery/Nested_Variable_(Map)
=== RUN   TestBuildQuery/Mixed_Types
--- PASS: TestBuildQuery (0.00s)
    --- PASS: TestBuildQuery/Standard_Bind (0.00s)
    --- PASS: TestBuildQuery/Named_Keys_(Order_Preserved) (0.00s)
    --- PASS: TestBuildQuery/Variable_Resolution (0.00s)
    --- PASS: TestBuildQuery/Nested_Variable_(Map) (0.00s)
    --- PASS: TestBuildQuery/Mixed_Types (0.00s)
=== RUN   TestGetNestedValue
2026/02/23 15:52:29 INFO Nested Traverse part=title currentType="map[string]interface {}"
2026/02/23 15:52:29 INFO Nested Traverse part=items currentType="map[string]interface {}"
2026/02/23 15:52:29 INFO Nested Traverse part=nested currentType="map[string]interface {}"
2026/02/23 15:52:29 INFO Nested Traverse part=deep currentType="map[string]interface {}"
2026/02/23 15:52:29 INFO Nested Traverse part=items currentType="map[string]interface {}"
2026/02/23 15:52:29 INFO Nested Traverse part=name currentType="[]interface {}"
2026/02/23 15:52:29 INFO Nested Traverse part=items currentType="map[string]interface {}"
2026/02/23 15:52:29 INFO Nested Traverse part=price currentType="[]interface {}"
2026/02/23 15:52:29 INFO Nested Traverse part=items currentType="map[string]interface {}"
2026/02/23 15:52:29 INFO Nested Traverse part=missing currentType="[]interface {}"
2026/02/23 15:52:29 INFO Nested Traverse part=invalid currentType="map[string]interface {}"
--- PASS: TestGetNestedValue (0.00s)
=== RUN   TestFileSystem_Overwrite_Vulnerability
=== RUN   TestFileSystem_Overwrite_Vulnerability/Production_Blocks_Critical_Files
=== RUN   TestFileSystem_Overwrite_Vulnerability/Development_Allows_Critical_Files
⚠️  [DEV MODE] Writing to sensitive file: /tmp/zeno_rce_test3148789657/critical_logic.zl
--- PASS: TestFileSystem_Overwrite_Vulnerability (0.00s)
    --- PASS: TestFileSystem_Overwrite_Vulnerability/Production_Blocks_Critical_Files (0.00s)
    --- PASS: TestFileSystem_Overwrite_Vulnerability/Development_Allows_Critical_Files (0.00s)
=== RUN   TestFileSystemSlots
=== RUN   TestFileSystemSlots/write_and_read
=== RUN   TestFileSystemSlots/delete
🗑️ [FILESYSTEM] Deleting: 'test_delete_file.txt'
--- PASS: TestFileSystemSlots (0.00s)
    --- PASS: TestFileSystemSlots/write_and_read (0.00s)
    --- PASS: TestFileSystemSlots/delete (0.00s)
=== RUN   TestFunctionSlots
=== RUN   TestFunctionSlots/fn_and_call
[DEBUG FN] Registered function 'my_func' in scope
[DEBUG CALL] Looking for function 'my_func', found=true (from GLOBAL registry)
--- PASS: TestFunctionSlots (0.00s)
    --- PASS: TestFunctionSlots/fn_and_call (0.00s)
=== RUN   TestHTTPClientSlots
=== RUN   TestHTTPClientSlots/http.request_GET_JSON
=== RUN   TestHTTPClientSlots/http.request_POST_Body
--- PASS: TestHTTPClientSlots (0.00s)
    --- PASS: TestHTTPClientSlots/http.request_GET_JSON (0.00s)
    --- PASS: TestHTTPClientSlots/http.request_POST_Body (0.00s)
=== RUN   TestHTTPServerSlots
=== RUN   TestHTTPServerSlots/http.response
=== RUN   TestHTTPServerSlots/http.redirect
=== RUN   TestHTTPServerSlots/cookie.set
=== RUN   TestHTTPServerSlots/http.query
=== RUN   TestHTTPServerSlots/http.header
=== RUN   TestHTTPServerSlots/http.ok_helper
--- PASS: TestHTTPServerSlots (0.00s)
    --- PASS: TestHTTPServerSlots/http.response (0.00s)
    --- PASS: TestHTTPServerSlots/http.redirect (0.00s)
    --- PASS: TestHTTPServerSlots/cookie.set (0.00s)
    --- PASS: TestHTTPServerSlots/http.query (0.00s)
    --- PASS: TestHTTPServerSlots/http.header (0.00s)
    --- PASS: TestHTTPServerSlots/http.ok_helper (0.00s)
=== RUN   TestImageSlots
=== RUN   TestImageSlots/image.info
=== RUN   TestImageSlots/image.resize_(copy)
--- PASS: TestImageSlots (0.00s)
    --- PASS: TestImageSlots/image.info (0.00s)
    --- PASS: TestImageSlots/image.resize_(copy) (0.00s)
=== RUN   TestInertiaSlots
=== RUN   TestInertiaSlots/inertia.render_HTML
=== RUN   TestInertiaSlots/inertia.render_JSON_(X-Inertia)
=== RUN   TestInertiaSlots/inertia.share
=== RUN   TestInertiaSlots/inertia.location
--- PASS: TestInertiaSlots (0.00s)
    --- PASS: TestInertiaSlots/inertia.render_HTML (0.00s)
    --- PASS: TestInertiaSlots/inertia.render_JSON_(X-Inertia) (0.00s)
    --- PASS: TestInertiaSlots/inertia.share (0.00s)
    --- PASS: TestInertiaSlots/inertia.location (0.00s)
=== RUN   TestJobSlots
=== RUN   TestJobSlots/job.enqueue
--- PASS: TestJobSlots (0.00s)
    --- PASS: TestJobSlots/job.enqueue (0.00s)
=== RUN   TestJSONSlots
=== RUN   TestJSONSlots/json.parse_success
=== RUN   TestJSONSlots/json.parse_failure
=== RUN   TestJSONSlots/json.stringify_success
--- PASS: TestJSONSlots (0.00s)
    --- PASS: TestJSONSlots/json.parse_success (0.00s)
    --- PASS: TestJSONSlots/json.parse_failure (0.00s)
    --- PASS: TestJSONSlots/json.stringify_success (0.00s)
=== RUN   TestLogicSlots
=== RUN   TestLogicSlots/scope.set
=== RUN   TestLogicSlots/logic.compare
=== RUN   TestLogicSlots/try_catch
=== RUN   TestLogicSlots/for_loop
=== RUN   TestLogicSlots/switch_case
--- PASS: TestLogicSlots (0.00s)
    --- PASS: TestLogicSlots/scope.set (0.00s)
    --- PASS: TestLogicSlots/logic.compare (0.00s)
    --- PASS: TestLogicSlots/try_catch (0.00s)
    --- PASS: TestLogicSlots/for_loop (0.00s)
    --- PASS: TestLogicSlots/switch_case (0.00s)
=== RUN   TestMailSlots
=== RUN   TestMailSlots/mail.send_success
=== RUN   TestMailSlots/mail.send_missing_args
=== RUN   TestMailSlots/mail.send_failure
--- PASS: TestMailSlots (0.00s)
    --- PASS: TestMailSlots/mail.send_success (0.00s)
    --- PASS: TestMailSlots/mail.send_missing_args (0.00s)
    --- PASS: TestMailSlots/mail.send_failure (0.00s)
=== RUN   TestMoneyCalc
=== RUN   TestMoneyCalc/Basic_Addition_with_Constructor
=== RUN   TestMoneyCalc/Variable_Calculation
--- PASS: TestMoneyCalc (0.00s)
    --- PASS: TestMoneyCalc/Basic_Addition_with_Constructor (0.00s)
    --- PASS: TestMoneyCalc/Variable_Calculation (0.00s)
=== RUN   TestMathCalc
=== RUN   TestMathCalc/Basic_Arithmetic
=== RUN   TestMathCalc/With_Variables
=== RUN   TestMathCalc/Math_functions
--- PASS: TestMathCalc (0.00s)
    --- PASS: TestMathCalc/Basic_Arithmetic (0.00s)
    --- PASS: TestMathCalc/With_Variables (0.00s)
    --- PASS: TestMathCalc/Math_functions (0.00s)
=== RUN   TestMetaSlots
=== RUN   TestMetaSlots/meta.eval
=== RUN   TestMetaSlots/meta.scope
=== RUN   TestMetaSlots/meta.parse
--- PASS: TestMetaSlots (0.00s)
    --- PASS: TestMetaSlots/meta.eval (0.00s)
    --- PASS: TestMetaSlots/meta.scope (0.00s)
    --- PASS: TestMetaSlots/meta.parse (0.00s)
=== RUN   TestNetworkSlots
=== RUN   TestNetworkSlots/http.fetch
--- PASS: TestNetworkSlots (0.00s)
    --- PASS: TestNetworkSlots/http.fetch (0.00s)
=== RUN   TestORMSlots
=== RUN   TestORMSlots/orm.model_sets_query_state
=== RUN   TestORMSlots/orm.find
=== RUN   TestORMSlots/orm.save_insert
=== RUN   TestORMSlots/orm.save_update
--- PASS: TestORMSlots (0.00s)
    --- PASS: TestORMSlots/orm.model_sets_query_state (0.00s)
    --- PASS: TestORMSlots/orm.find (0.00s)
    --- PASS: TestORMSlots/orm.save_insert (0.00s)
    --- PASS: TestORMSlots/orm.save_update (0.00s)
=== RUN   TestPluginSlots
=== RUN   TestPluginSlots/RegisterPluginSlots_disabled_by_default
=== RUN   TestPluginSlots/InputMeta_Conversion
--- PASS: TestPluginSlots (0.00s)
    --- PASS: TestPluginSlots/RegisterPluginSlots_disabled_by_default (0.00s)
    --- PASS: TestPluginSlots/InputMeta_Conversion (0.00s)
=== RUN   TestQueryState_BuildSQL
=== RUN   TestQueryState_BuildSQL/Basic_Select
=== RUN   TestQueryState_BuildSQL/Select_With_Where
=== RUN   TestQueryState_BuildSQL/Select_With_Join
=== RUN   TestQueryState_BuildSQL/Select_With_IN
=== RUN   TestQueryState_BuildSQL/Delete
=== RUN   TestQueryState_BuildSQL/Count
=== RUN   TestQueryState_BuildSQL/Group_By_and_Having
--- PASS: TestQueryState_BuildSQL (0.00s)
    --- PASS: TestQueryState_BuildSQL/Basic_Select (0.00s)
    --- PASS: TestQueryState_BuildSQL/Select_With_Where (0.00s)
    --- PASS: TestQueryState_BuildSQL/Select_With_Join (0.00s)
    --- PASS: TestQueryState_BuildSQL/Select_With_IN (0.00s)
    --- PASS: TestQueryState_BuildSQL/Delete (0.00s)
    --- PASS: TestQueryState_BuildSQL/Count (0.00s)
    --- PASS: TestQueryState_BuildSQL/Group_By_and_Having (0.00s)
=== RUN   TestRouterSlots
=== RUN   TestRouterSlots/http.get_registration_and_execution
   ➕ [ROUTE] GET    /test
=== RUN   TestRouterSlots/http.post_with_body
   ➕ [ROUTE] POST   /api/data
--- PASS: TestRouterSlots (0.00s)
    --- PASS: TestRouterSlots/http.get_registration_and_execution (0.00s)
    --- PASS: TestRouterSlots/http.post_with_body (0.00s)
=== RUN   TestSchemaSlots
=== RUN   TestSchemaSlots/schema.create_table
--- PASS: TestSchemaSlots (0.00s)
    --- PASS: TestSchemaSlots/schema.create_table (0.00s)
=== RUN   TestIPSecuritySlots
=== RUN   TestIPSecuritySlots/sec.block_ip
2026/02/23 15:52:29 WARN 🚫 IP Blocked Dynamically ip=5.5.5.5
2026/02/23 15:52:29 INFO ✅ IP Unblocked ip=5.5.5.5
=== RUN   TestIPSecuritySlots/sec.block_ip_current_request
2026/02/23 15:52:29 WARN 🚫 IP Blocked Dynamically ip=6.6.6.6
2026/02/23 15:52:29 INFO ✅ IP Unblocked ip=6.6.6.6
=== RUN   TestIPSecuritySlots/sec.is_blocked_and_unblock
2026/02/23 15:52:29 WARN 🚫 IP Blocked Dynamically ip=7.7.7.7
2026/02/23 15:52:29 INFO ✅ IP Unblocked ip=7.7.7.7
2026/02/23 15:52:29 INFO ✅ IP Unblocked ip=7.7.7.7
--- PASS: TestIPSecuritySlots (0.00s)
    --- PASS: TestIPSecuritySlots/sec.block_ip (0.00s)
    --- PASS: TestIPSecuritySlots/sec.block_ip_current_request (0.00s)
    --- PASS: TestIPSecuritySlots/sec.is_blocked_and_unblock (0.00s)
=== RUN   TestVerifyAspNetHash
--- PASS: TestVerifyAspNetHash (0.00s)
=== RUN   TestSPA_Traversal_Vulnerability
   📁 [STATIC] Registered SPA (Single Page App): /app -> /tmp/spa_test4286920321
    spa_traversal_test.go:88: Traversal Response Code: 400
--- PASS: TestSPA_Traversal_Vulnerability (0.00s)
=== RUN   TestSSESlots
=== RUN   TestSSESlots/sse.stream_sets_headers
=== RUN   TestSSESlots/sse.send_writes_formatted_data
=== RUN   TestSSESlots/sse.loop_limited_iterations
--- PASS: TestSSESlots (0.02s)
    --- PASS: TestSSESlots/sse.stream_sets_headers (0.00s)
    --- PASS: TestSSESlots/sse.send_writes_formatted_data (0.00s)
    --- PASS: TestSSESlots/sse.loop_limited_iterations (0.02s)
=== RUN   TestTestSlots
=== RUN   TestTestSlots/assert.eq_success
=== RUN   TestTestSlots/assert.eq_failure
=== RUN   TestTestSlots/test_slot_aggregates_stats
RUN   Passing Test...
PASS  Passing Test
RUN   Failing Test...
FAIL  Failing Test
--- PASS: TestTestSlots (0.00s)
    --- PASS: TestTestSlots/assert.eq_success (0.00s)
    --- PASS: TestTestSlots/assert.eq_failure (0.00s)
    --- PASS: TestTestSlots/test_slot_aggregates_stats (0.00s)
=== RUN   TestTimeSlots
=== RUN   TestTimeSlots/date.now
=== RUN   TestTimeSlots/date.format
=== RUN   TestTimeSlots/date.parse
=== RUN   TestTimeSlots/date.add
--- PASS: TestTimeSlots (0.00s)
    --- PASS: TestTimeSlots/date.now (0.00s)
    --- PASS: TestTimeSlots/date.format (0.00s)
    --- PASS: TestTimeSlots/date.parse (0.00s)
    --- PASS: TestTimeSlots/date.add (0.00s)
=== RUN   TestTransactionSlots
=== RUN   TestTransactionSlots/db.transaction_commit_success
=== RUN   TestTransactionSlots/db.transaction_rollback_on_error
--- PASS: TestTransactionSlots (0.00s)
    --- PASS: TestTransactionSlots/db.transaction_commit_success (0.00s)
    --- PASS: TestTransactionSlots/db.transaction_rollback_on_error (0.00s)
=== RUN   TestUploadSlots
=== RUN   TestUploadSlots/http.upload_success
=== RUN   TestUploadSlots/http.upload_no_file
--- PASS: TestUploadSlots (0.00s)
    --- PASS: TestUploadSlots/http.upload_success (0.00s)
    --- PASS: TestUploadSlots/http.upload_no_file (0.00s)
=== RUN   TestUtilsSlots
=== RUN   TestUtilsSlots/strings.concat
=== RUN   TestUtilsSlots/string.replace
=== RUN   TestUtilsSlots/text.slugify
=== RUN   TestUtilsSlots/system.env
=== RUN   TestUtilsSlots/if_condition_true
=== RUN   TestUtilsSlots/arrays.length
=== RUN   TestUtilsSlots/var
=== RUN   TestUtilsSlots/coalesce
=== RUN   TestUtilsSlots/cast.to_int
--- PASS: TestUtilsSlots (0.01s)
    --- PASS: TestUtilsSlots/strings.concat (0.00s)
    --- PASS: TestUtilsSlots/string.replace (0.00s)
    --- PASS: TestUtilsSlots/text.slugify (0.01s)
    --- PASS: TestUtilsSlots/system.env (0.00s)
    --- PASS: TestUtilsSlots/if_condition_true (0.00s)
    --- PASS: TestUtilsSlots/arrays.length (0.00s)
    --- PASS: TestUtilsSlots/var (0.00s)
    --- PASS: TestUtilsSlots/coalesce (0.00s)
    --- PASS: TestUtilsSlots/cast.to_int (0.00s)
=== RUN   TestValidatorSlots
=== RUN   TestValidatorSlots/validate_required_field_success
=== RUN   TestValidatorSlots/validate_required_field_failure
=== RUN   TestValidatorSlots/validate_email_format
=== RUN   TestValidatorSlots/validate_min_max_rules
=== RUN   TestValidatorSlots/validate_strict_filtering_(whitelist)
--- PASS: TestValidatorSlots (0.00s)
    --- PASS: TestValidatorSlots/validate_required_field_success (0.00s)
    --- PASS: TestValidatorSlots/validate_required_field_failure (0.00s)
    --- PASS: TestValidatorSlots/validate_email_format (0.00s)
    --- PASS: TestValidatorSlots/validate_min_max_rules (0.00s)
    --- PASS: TestValidatorSlots/validate_strict_filtering_(whitelist) (0.00s)
PASS
ok  	zeno/internal/slots	0.182s
